dataset/UK housing/camden.csv
"Name","URI","Region GSS code","Period","Sales volume","Reporting period","Average price All property types","Average price Detached houses","Average price Semi-detached houses","Average price Terraced houses","Average price Flats and maisonettes","Pivotable date"
Camden,http://landregistry.data.gov.uk/id/region/camden,E09000007,2015-01,181,monthly,769724,2591752,1755874,1181462,694864,2015-01-01
Camden,http://landregistry.data.gov.uk/id/region/camden,E09000007,2015-02,153,monthly,769171,2596651,1762420,1181218,694186,2015-02-01
Camden,http://landregistry.data.gov.uk/id/region/camden,E09000007,2015-03,224,monthly,756915,2548102,1736682,1161185,683231,2015-03-01
Camden,http://landregistry.data.gov.uk/id/region/camden,E09000007,2015-04,160,monthly,749621,2532644,1714858,1150091,676669,2015-04-01
Camden,http://landregistry.data.gov.uk/id/region/camden,E09000007,2015-05,187,monthly,745684,2494070,1694408,1139482,673720,2015-05-01
Camden,http://landregistry.data.gov.uk/id/region/camden,E09000007,2015-06,199,monthly,770154,2591935,1756754,1184995,695067,2015-06-01
Camden,http://landregistry.data.gov.uk/id/region/camden,E09000007,2015-07,273,monthly,793213,2654715,1813158,1220927,715860,2015-07-01
Camden,http://landregistry.data.gov.uk/id/region/camden,E09000007,2015-08,214,monthly,819744,2746128,1873742,1265784,739496,2015-08-01
Camden,http://landregistry.data.gov.uk/id/region/camden,E09000007,2015-09,243,monthly,833334,2809337,1900730,1283383,751978,2015-09-01
Camden,http://landregistry.data.gov.uk/id/region/camden,E09000007,2015-10,216,monthly,828316,2800613,1881453,1275576,747525,2015-10-01
Camden,http://landregistry.data.gov.uk/id/region/camden,E09000007,2015-11,249,monthly,816648,2773147,1856379,1257494,736929,2015-11-01
Camden,http://landregistry.data.gov.uk/id/region/camden,E09000007,2015-12,188,monthly,796767,2687906,1811911,1227055,719047,2015-12-01
Camden,http://landregistry.data.gov.uk/id/region/camden,E09000007,2016-01,171,monthly,808531,2717594,1845536,1244392,729671,2016-01-01
Camden,http://landregistry.data.gov.uk/id/region/camden,E09000007,2016-02,169,monthly,827590,2797917,1898119,1274492,746621,2016-02-01
Camden,http://landregistry.data.gov.uk/id/region/camden,E09000007,2016-03,438,monthly,854686,2907848,1962243,1314773,771062,2016-03-01
Camden,http://landregistry.data.gov.uk/id/region/camden,E09000007,2016-04,133,monthly,838254,2836238,1913737,1286501,756678,2016-04-01
Camden,http://landregistry.data.gov.uk/id/region/camden,E09000007,2016-05,114,monthly,807401,2677242,1819740,1233373,729826,2016-05-01
Camden,http://landregistry.data.gov.uk/id/region/camden,E09000007,2016-06,193,monthly,770905,2520575,1726308,1173979,697421,2016-06-01
Camden,http://landregistry.data.gov.uk/id/region/camden,E09000007,2016-07,163,monthly,753956,2462553,1690542,1149536,681969,2016-07-01
Camden,http://landregistry.data.gov.uk/id/region/camden,E09000007,2016-08,136,monthly,769512,2528595,1732962,1175595,695689,2016-08-01
Camden,http://landregistry.data.gov.uk/id/region/camden,E09000007,2016-09,157,monthly,786866,2574106,1771362,1201371,711496,2016-09-01
Camden,http://landregistry.data.gov.uk/id/region/camden,E09000007,2016-10,162,monthly,805146,2635198,1806387,1222728,728590,2016-10-01
Camden,http://landregistry.data.gov.uk/id/region/camden,E09000007,2016-11,152,monthly,830455,2724675,1860284,1256064,751880,2016-11-01
Camden,http://landregistry.data.gov.uk/id/region/camden,E09000007,2016-12,209,monthly,832126,2735410,1860306,1255710,753635,2016-12-01
Camden,http://landregistry.data.gov.uk/id/region/camden,E09000007,2017-01,154,monthly,856070,2810278,1908979,1292753,775339,2017-01-01
Camden,http://landregistry.data.gov.uk/id/region/camden,E09000007,2017-02,149,monthly,824403,2705635,1830738,1238816,747285,2017-02-01
Camden,http://landregistry.data.gov.uk/id/region/camden,E09000007,2017-03,221,monthly,813907,2690758,1812343,1220103,737895,2017-03-01
Camden,http://landregistry.data.gov.uk/id/region/camden,E09000007,2017-04,177,monthly,799226,2674501,1789457,1194540,724633,2017-04-01
Camden,http://landregistry.data.gov.uk/id/region/camden,E09000007,2017-05,161,monthly,815494,2720381,1821195,1214070,739881,2017-05-01
Camden,http://landregistry.data.gov.uk/id/region/camden,E09000007,2017-06,244,monthly,843239,2806666,1887417,1254491,765091,2017-06-01
Camden,http://landregistry.data.gov.uk/id/region/camden,E09000007,2017-07,153,monthly,865076,2850349,1932647,1285467,785180,2017-07-01
Camden,http://landregistry.data.gov.uk/id/region/camden,E09000007,2017-08,198,monthly,864580,2882325,1959100,1296272,783276,2017-08-01
Camden,http://landregistry.data.gov.uk/id/region/camden,E09000007,2017-09,187,monthly,864603,2892452,1958791,1301351,782849,2017-09-01
Camden,http://landregistry.data.gov.uk/id/region/camden,E09000007,2017-10,184,monthly,834802,2826341,1905333,1262027,755104,2017-10-01
Camden,http://landregistry.data.gov.uk/id/region/camden,E09000007,2017-11,194,monthly,846354,2836262,1913456,1274969,766273,2017-11-01
Camden,http://landregistry.data.gov.uk/id/region/camden,E09000007,2017-12,173,monthly,844416,2832589,1913470,1271032,764533,2017-12-01
Camden,http://landregistry.data.gov.uk/id/region/camden,E09000007,2018-01,127,monthly,859593,2855203,1943081,1291830,778604,2018-01-01
Camden,http://landregistry.data.gov.uk/id/region/camden,E09000007,2018-02,152,monthly,875078,2920448,1994726,1316592,792192,2018-02-01
Camden,http://landregistry.data.gov.uk/id/region/camden,E09000007,2018-03,153,monthly,853396,2814451,1940709,1286541,772590,2018-03-01
Camden,http://landregistry.data.gov.uk/id/region/camden,E09000007,2018-04,132,monthly,866438,2864208,1977131,1312016,783845,2018-04-01
Camden,http://landregistry.data.gov.uk/id/region/camden,E09000007,2018-05,142,monthly,837928,2777557,1927461,1278479,757098,2018-05-01
Camden,http://landregistry.data.gov.uk/id/region/camden,E09000007,2018-06,160,monthly,850613,2853611,1971879,1299205,768042,2018-06-01
Camden,http://landregistry.data.gov.uk/id/region/camden,E09000007,2018-07,161,monthly,837712,2851723,1959354,1284756,755543,2018-07-01
Camden,http://landregistry.data.gov.uk/id/region/camden,E09000007,2018-08,189,monthly,827363,2825795,1925831,1268184,746345,2018-08-01
Camden,http://landregistry.data.gov.uk/id/region/camden,E09000007,2018-09,137,monthly,817464,2795811,1909440,1257835,736957,2018-09-01
Camden,http://landregistry.data.gov.uk/id/region/camden,E09000007,2018-10,127,monthly,808474,2741055,1871352,1237743,729673,2018-10-01
Camden,http://landregistry.data.gov.uk/id/region/camden,E09000007,2018-11,163,monthly,807570,2759609,1880939,1239438,728353,2018-11-01
Camden,http://landregistry.data.gov.uk/id/region/camden,E09000007,2018-12,198,monthly,864615,2943614,2000721,1316232,780818,2018-12-01
Camden,http://landregistry.data.gov.uk/id/region/camden,E09000007,2019-01,102,monthly,867808,2959006,2013286,1321805,783549,2019-01-01
Camden,http://landregistry.data.gov.uk/id/region/camden,E09000007,2019-02,119,monthly,864014,2935941,1995898,1310131,780719,2019-02-01
Camden,http://landregistry.data.gov.uk/id/region/camden,E09000007,2019-03,133,monthly,808860,2750804,1875699,1233895,730236,2019-03-01
Camden,http://landregistry.data.gov.uk/id/region/camden,E09000007,2019-04,128,monthly,821134,2796155,1908102,1257306,740922,2019-04-01
Camden,http://landregistry.data.gov.uk/id/region/camden,E09000007,2019-05,107,monthly,840979,2844493,1958787,1296436,758267,2019-05-01
Camden,http://landregistry.data.gov.uk/id/region/camden,E09000007,2019-06,154,monthly,873827,2951655,2037966,1349803,787679,2019-06-01
Camden,http://landregistry.data.gov.uk/id/region/camden,E09000007,2019-07,167,monthly,894898,2993447,2079567,1380896,807035,2019-07-01
Camden,http://landregistry.data.gov.uk/id/region/camden,E09000007,2019-08,135,monthly,877372,2955238,2052319,1358804,790597,2019-08-01
Camden,http://landregistry.data.gov.uk/id/region/camden,E09000007,2019-09,144,monthly,861909,2928800,2020367,1339381,776172,2019-09-01
Camden,http://landregistry.data.gov.uk/id/region/camden,E09000007,2019-10,154,monthly,818709,2831330,1937810,1275055,736548,2019-10-01
Camden,http://landregistry.data.gov.uk/id/region/camden,E09000007,2019-11,156,monthly,833740,2876274,1968813,1296093,750329,2019-11-01
Camden,http://landregistry.data.gov.uk/id/region/camden,E09000007,2019-12,143,monthly,814640,2800422,1918569,1261183,733615,2019-12-01
Camden,http://landregistry.data.gov.uk/id/region/camden,E09000007,2020-01,173,monthly,827281,2824454,1941896,1281503,745143,2020-01-01
Camden,http://landregistry.data.gov.uk/id/region/camden,E09000007,2020-02,150,monthly,815710,2834091,1930101,1267175,733849,2020-02-01
Camden,http://landregistry.data.gov.uk/id/region/camden,E09000007,2020-03,157,monthly,847815,2983839,2024827,1322992,761771,2020-03-01
Camden,http://landregistry.data.gov.uk/id/region/camden,E09000007,2020-04,88,monthly,863516,3087932,2082944,1360629,774258,2020-04-01
Camden,http://landregistry.data.gov.uk/id/region/camden,E09000007,2020-05,63,monthly,863408,3061874,2064451,1353145,775154,2020-05-01
Camden,http://landregistry.data.gov.uk/id/region/camden,E09000007,2020-06,77,monthly,846678,2964655,2013668,1331162,760226,2020-06-01
Camden,http://landregistry.data.gov.uk/id/region/camden,E09000007,2020-07,151,monthly,818599,2837479,1938745,1282239,735678,2020-07-01
Camden,http://landregistry.data.gov.uk/id/region/camden,E09000007,2020-08,121,monthly,835652,2926850,2007262,1322581,749367,2020-08-01
Camden,http://landregistry.data.gov.uk/id/region/camden,E09000007,2020-09,154,monthly,847819,3019314,2062169,1350798,758900,2020-09-01
Camden,http://landregistry.data.gov.uk/id/region/camden,E09000007,2020-10,180,monthly,833418,2986767,2037830,1337294,745031,2020-10-01
Camden,http://landregistry.data.gov.uk/id/region/camden,E09000007,2020-11,162,monthly,815493,2908428,1984035,1310339,729109,2020-11-01
Camden,http://landregistry.data.gov.uk/id/region/camden,E09000007,2020-12,157,monthly,785356,2800212,1907697,1262787,702150,2020-12-01
Camden,http://landregistry.data.gov.uk/id/region/camden,E09000007,2021-01,152,monthly,796831,2848360,1936815,1277818,712595,2021-01-01
Camden,http://landregistry.data.gov.uk/id/region/camden,E09000007,2021-02,167,monthly,792890,2859628,1932922,1270213,708912,2021-02-01
Camden,http://landregistry.data.gov.uk/id/region/camden,E09000007,2021-03,298,monthly,806403,2917389,1969973,1291639,720861,2021-03-01
Camden,http://landregistry.data.gov.uk/id/region/camden,E09000007,2021-04,161,monthly,814325,2968205,1991008,1303542,727848,2021-04-01
Camden,http://landregistry.data.gov.uk/id/region/camden,E09000007,2021-05,128,monthly,817468,2988361,2004496,1309775,730405,2021-05-01
Camden,http://landregistry.data.gov.uk/id/region/camden,E09000007,2021-06,478,monthly,811645,2979185,1989749,1304845,724738,2021-06-01
Camden,http://landregistry.data.gov.uk/id/region/camden,E09000007,2021-07,28,monthly,889158,3268758,2191027,1430116,793687,2021-07-01
Camden,http://landregistry.data.gov.uk/id/region/camden,E09000007,2021-08,56,monthly,905858,3359093,2263388,1466692,807087,2021-08-01
Camden,http://landregistry.data.gov.uk/id/region/camden,E09000007,2021-09,85,monthly,900878,3360609,2265398,1458826,802287,2021-09-01
Camden,http://landregistry.data.gov.uk/id/region/camden,E09000007,2021-10,,monthly,875032,3288622,2221934,1426979,777901,2021-10-01
Camden,http://landregistry.data.gov.uk/id/region/camden,E09000007,2021-11,,monthly,961390,3594953,2427960,1566813,855067,2021-11-01
